// Jest Snapshot v1, https://goo.gl/fbAQLP

exports[`Options snapshot 1`] = `
<DocumentFragment>
  setting up...
</DocumentFragment>
`;
